# Import method
>>> print_square = __import__('4-print_square').print_square

# Size is an integer
>>> print_square(2)
##
##

# Size is not an integer
>>> print_square("b")
Traceback (most recent call last):
	...
TypeError: size must be an integer

# Size is less than 0
>>> print_square(-1)
Traceback (most recent call last):
	...
ValueError: size must be >= 0

# Size is float and less than 0
>>> print_square(-1.5)
Traceback (most recent call last):
	...
TypeError: size must be an integer

# Missing one argument
>>> print_square()
Traceback (most recent call last):
	...
TypeError: print_square() missing 1 required positional argument: 'size'
